../Core/Src/main.c:102:5:main	8	static
../Core/Src/main.c:233:6:SystemClock_Config	88	static
../Core/Src/main.c:280:13:MX_ADC1_Init	24	static
../Core/Src/main.c:327:13:MX_SPI1_Init	8	static
../Core/Src/main.c:365:13:MX_SPI2_Init	8	static
../Core/Src/main.c:402:13:MX_TIM1_Init	32	static
../Core/Src/main.c:448:13:MX_TIM2_Init	64	static
../Core/Src/main.c:511:13:MX_TIM3_Init	32	static
../Core/Src/main.c:556:13:MX_TIM4_Init	32	static
../Core/Src/main.c:601:13:MX_USART1_UART_Init	8	static
../Core/Src/main.c:634:13:MX_GPIO_Init	40	static
../Core/Src/main.c:687:6:Error_Handler	4	static,ignoring_inline_asm
