../Libraries/Src/protocol_parser.c:104:9:getFSMProtocolState	4	static
../Libraries/Src/protocol_parser.c:109:6:setFSMProtocolState	16	static
../Libraries/Src/protocol_parser.c:113:6:setLastFSMProtocolState	16	static
../Libraries/Src/protocol_parser.c:120:6:updateNumAvailableMeasData	4	static
../Libraries/Src/protocol_parser.c:201:6:fillDataFrame	16	static
../Libraries/Src/protocol_parser.c:231:6:fillDataField	16	static
../Libraries/Src/protocol_parser.c:325:6:fillResponseFrame	24	static
../Libraries/Src/protocol_parser.c:362:6:sendPreviousResponse	8	static
../Libraries/Src/protocol_parser.c:375:6:updateSavedResponse	24	static
../Libraries/Src/protocol_parser.c:399:6:parserFSM	8	static
../Libraries/Src/protocol_parser.c:601:6:checkCRC32	24	static
../Libraries/Src/protocol_parser.c:618:10:calculateCRC32	24	static
../Libraries/Src/protocol_parser.c:626:6:sensorInit	8	static
../Libraries/Src/protocol_parser.c:654:6:sendInitCTRL	4	static
../Libraries/Src/protocol_parser.c:659:6:sendRxCompleteCTRL	4	static
../Libraries/Src/protocol_parser.c:665:6:resetFSMProtocol	8	static
