../Drivers/25Q/w25q_spi.c:36:6:myDelay	16	static,ignoring_inline_asm
../Drivers/25Q/w25q_spi.c:43:6:SPI1_Send	16	static
../Drivers/25Q/w25q_spi.c:49:6:SPI1_Recv	16	static
../Drivers/25Q/w25q_spi.c:54:6:W25_Reset	8	static
../Drivers/25Q/w25q_spi.c:63:6:W25_Read_Info	32	static
../Drivers/25Q/w25q_spi.c:138:6:W25_Write_Enable	8	static
../Drivers/25Q/w25q_spi.c:146:6:W25_Write_Disable	8	static
../Drivers/25Q/w25q_spi.c:154:6:W25_Set_Block_Protect	16	static
../Drivers/25Q/w25q_spi.c:169:6:W25_Wait_Write_End	8	static
../Drivers/25Q/w25q_spi.c:186:6:W25_Erase_Sector	16	static
../Drivers/25Q/w25q_spi.c:215:6:W25_Erase_Block	16	static
../Drivers/25Q/w25q_spi.c:243:6:W25_Erase_Chip	8	static
../Drivers/25Q/w25q_spi.c:256:6:W25_Write_Data	24	static
../Drivers/25Q/w25q_spi.c:285:6:W25_Write_Page	24	static
../Drivers/25Q/w25q_spi.c:321:6:W25_Read_Data	24	static
../Drivers/25Q/w25q_spi.c:333:11:W25_Read_ID	16	static
../Drivers/25Q/w25q_spi.c:344:6:W25_Ini	24	static
../Drivers/25Q/w25q_spi.c:435:6:W25_Read_Page	24	static
